    0.0000000000000         0.0000000000000         10.000000000000        0.39999999999998E-12    0.99999999999996E-15     0.0000000000000     
   0.10000000000000E-03    0.10000000000000E-03     10.000000000000         9.7559785856270        0.24389946463865E-01     2.0000000000000     
   0.20000000000000E-03    0.20000000000000E-03     10.000000000000         9.2798450470155        0.71979505545522E-01     0.0000000000000     
   0.30000000000000E-03    0.30000000000000E-03     10.000000000000         8.8269488643085        0.11724649032381         0.0000000000000     
   0.40000000000000E-03    0.40000000000000E-03     10.000000000000         8.3961559550152        0.16030425237235         0.0000000000000     
   0.50000000000000E-03    0.50000000000000E-03     10.000000000000         7.9863875847274        0.20126061122151         0.0000000000000     
   0.60000000000000E-03    0.60000000000000E-03     10.000000000000         7.5966176658962        0.24021812434806         0.0000000000000     
   0.70000000000000E-03    0.70000000000000E-03     10.000000000000         7.2258701884396        0.27727434398391         0.0000000000000     
   0.80000000000000E-03    0.80000000000000E-03     10.000000000000         6.8732167757479        0.31252206139434         0.0000000000000     
   0.90000000000000E-03    0.90000000000000E-03     10.000000000000         6.5377743599658        0.34604953923385         0.0000000000000     
   0.10000000000000E-02    0.10000000000000E-02     10.000000000000         6.2187029707317        0.37794073256062         0.0000000000000     
   0.11000000000000E-02    0.11000000000000E-02     10.000000000000         5.9152036318350        0.40827549906697         0.0000000000000     
   0.12000000000000E-02    0.12000000000000E-02     10.000000000000         5.6265163605261        0.43712979904791         0.0000000000000     
   0.13000000000000E-02    0.13000000000000E-02     10.000000000000         5.3519182644684        0.46457588561040         0.0000000000000     
   0.14000000000000E-02    0.14000000000000E-02     10.000000000000         5.0907217315676        0.49068248560054         0.0000000000000     
   0.15000000000000E-02    0.15000000000000E-02     10.000000000000         4.8422727081443        0.51551497169955         0.0000000000000     
   0.16000000000000E-02    0.16000000000000E-02     10.000000000000         4.6059490611401        0.53913552612306         0.0000000000000     
   0.17000000000000E-02    0.17000000000000E-02     10.000000000000         4.3811590202542        0.56160329632640         0.0000000000000     
   0.18000000000000E-02    0.18000000000000E-02     10.000000000000         4.1673396961111        0.58297454311740         0.0000000000000     
   0.19000000000000E-02    0.19000000000000E-02     10.000000000000         3.9639556707476        0.60330278153428         0.0000000000000     
   0.20000000000000E-02    0.20000000000000E-02     10.000000000000         3.7704976568900        0.62263891485344         0.0000000000000     
   0.21000000000000E-02    0.21000000000000E-02     10.000000000000         3.5864812226651        0.64103136205237         0.0000000000000     
   0.22000000000000E-02    0.22000000000000E-02     10.000000000000         3.4114455785498        0.65852617905544         0.0000000000000     
   0.23000000000000E-02    0.23000000000000E-02     10.000000000000         3.2449524235229        0.67516717406069         0.0000000000000     
   0.24000000000000E-02    0.24000000000000E-02     10.000000000000         3.0865848475307        0.69099601723820         0.0000000000000     
   0.25000000000000E-02    0.25000000000000E-02     10.000000000000         2.9359462875153        0.70605234507581         0.0000000000000     
   0.26000000000000E-02    0.26000000000000E-02     10.000000000000         2.7926595343948        0.72037385963064         0.0000000000000     
   0.27000000000000E-02    0.27000000000000E-02     10.000000000000         2.6563657885058        0.73399642293789         0.0000000000000     
   0.28000000000000E-02    0.28000000000000E-02     10.000000000000         2.5267237611451        0.74695414681199         0.0000000000000     
   0.29000000000000E-02    0.29000000000000E-02     10.000000000000         2.4034088199602        0.75927947826467         0.0000000000000     
   0.30000000000000E-02    0.30000000000000E-02     10.000000000000         2.2861121760476        0.77100328075494         0.0000000000000     
   0.31000000000000E-02    0.31000000000000E-02     10.000000000000         2.1745401107247        0.78215491147171         0.0000000000000     
   0.32000000000000E-02    0.32000000000000E-02     10.000000000000         2.0684132400387        0.79276229484858         0.0000000000000     
   0.33000000000000E-02    0.33000000000000E-02     10.000000000000         1.9674658151703        0.80285199248673         0.0000000000000     
   0.34000000000000E-02    0.34000000000000E-02     10.000000000000         1.8714450569806        0.81244926966699         0.0000000000000     
   0.35000000000000E-02    0.35000000000000E-02     10.000000000000         1.7801105230355        0.82157815861697         0.0000000000000     
   0.36000000000000E-02    0.36000000000000E-02     10.000000000000         1.6932335055212        0.83026151868858         0.0000000000000     
   0.37000000000000E-02    0.37000000000000E-02     10.000000000000         1.6105964585450        0.83852109359871         0.0000000000000     
   0.38000000000000E-02    0.38000000000000E-02     10.000000000000         1.5319924533853        0.84637756587840         0.0000000000000     
   0.39000000000000E-02    0.39000000000000E-02     10.000000000000         1.4572246603286        0.85385060866264         0.0000000000000     
   0.40000000000000E-02    0.40000000000000E-02     10.000000000000         1.3861058557941        0.86095893495307         0.0000000000000     
   0.41000000000000E-02    0.41000000000000E-02     10.000000000000         1.3184579535137        0.86772034447631         0.0000000000000     
   0.42000000000000E-02    0.42000000000000E-02     10.000000000000         1.2541115585922        0.87415176825666         0.0000000000000     
   0.43000000000000E-02    0.43000000000000E-02     10.000000000000         1.1929055433304        0.88026931101132         0.0000000000000     
   0.44000000000000E-02    0.44000000000000E-02     10.000000000000         1.1346866437510        0.88608829147928         0.0000000000000     
   0.45000000000000E-02    0.45000000000000E-02     10.000000000000         1.0793090758153        0.89162328077812         0.0000000000000     
   0.46000000000000E-02    0.46000000000000E-02     10.000000000000         1.0266341703701        0.89688813889356         0.0000000000000     
   0.47000000000000E-02    0.47000000000000E-02     10.000000000000        0.97653002591064        0.90189604938437         0.0000000000000     
   0.48000000000000E-02    0.48000000000000E-02     10.000000000000        0.92887117829056        0.90665955239482         0.0000000000000     
   0.49000000000000E-02    0.49000000000000E-02     10.000000000000        0.88353828655121        0.91119057605699         0.0000000000000     
   0.50000000000000E-02    0.50000000000000E-02     10.000000000000        0.84041783408382        0.91550046635823         0.0000000000000     
   0.51000000000000E-02    0.51000000000000E-02     10.000000000000        0.79940184437634        0.91960001555452         0.0000000000000     
   0.52000000000000E-02    0.52000000000000E-02     10.000000000000        0.76038761063292        0.92349948919192         0.0000000000000     
   0.53000000000000E-02    0.53000000000000E-02     10.000000000000        0.72327743858925        0.92720865181514         0.0000000000000     
   0.54000000000000E-02    0.54000000000000E-02     10.000000000000        0.68797840187953        0.93073679141645         0.0000000000000     
   0.55000000000000E-02    0.55000000000000E-02     10.000000000000        0.65440210934258        0.93409274269443         0.0000000000000     
   0.56000000000000E-02    0.56000000000000E-02     10.000000000000        0.62246448368449        0.93728490917697         0.0000000000000     
   0.57000000000000E-02    0.57000000000000E-02     10.000000000000        0.59208555094336        0.94032128426340         0.0000000000000     
   0.58000000000000E-02    0.58000000000000E-02     10.000000000000        0.56318924022916        0.94320947124152         0.0000000000000     
   0.59000000000000E-02    0.59000000000000E-02     10.000000000000        0.53570319323709        0.94595670232511         0.0000000000000     
   0.60000000000000E-02    0.60000000000000E-02     10.000000000000        0.50955858305752        0.94856985676586         0.0000000000000     
   0.61000000000000E-02    0.61000000000000E-02     10.000000000000        0.48468994182880        0.95105547807811         0.0000000000000     
   0.62000000000000E-02    0.62000000000000E-02     10.000000000000        0.46103499680131        0.95341979042471         0.0000000000000     
   0.63000000000000E-02    0.63000000000000E-02     10.000000000000        0.43853451440233        0.95566871420247         0.0000000000000     
   0.64000000000000E-02    0.64000000000000E-02     10.000000000000        0.41713215191117        0.95780788086849         0.0000000000000     
   0.65000000000000E-02    0.65000000000000E-02     10.000000000000        0.39677431637320        0.95984264703898         0.0000000000000     
   0.66000000000000E-02    0.66000000000000E-02     10.000000000000        0.37741003039955        0.96177810790590         0.0000000000000     
   0.67000000000000E-02    0.67000000000000E-02     10.000000000000        0.35899080451622        0.96361910999349         0.0000000000000     
   0.68000000000000E-02    0.68000000000000E-02     10.000000000000        0.34147051574323        0.96537026329398         0.0000000000000     
   0.69000000000000E-02    0.69000000000000E-02     10.000000000000        0.32480529209956        0.96703595281363         0.0000000000000     
   0.70000000000000E-02    0.70000000000000E-02     10.000000000000        0.30895340274477        0.96862034955070         0.0000000000000     
   0.71000000000000E-02    0.71000000000000E-02     10.000000000000        0.29387515348214        0.97012742094130         0.0000000000000     
   0.72000000000000E-02    0.72000000000000E-02     10.000000000000        0.27953278736178        0.97156094079343         0.0000000000000     
   0.73000000000000E-02    0.73000000000000E-02     10.000000000000        0.26589039013466        0.97292449873707         0.0000000000000     
   0.74000000000000E-02    0.74000000000000E-02     10.000000000000        0.25291380032089        0.97422150921317         0.0000000000000     
   0.75000000000000E-02    0.75000000000000E-02     10.000000000000        0.24057052366714        0.97545522002307         0.0000000000000     
   0.76000000000000E-02    0.76000000000000E-02     10.000000000000        0.22882965177880        0.97662872046191         0.0000000000000     
   0.77000000000000E-02    0.77000000000000E-02     10.000000000000        0.21766178472329        0.97774494905306         0.0000000000000     
   0.78000000000000E-02    0.78000000000000E-02     10.000000000000        0.20703895741066        0.97880670090859         0.0000000000000     
   0.79000000000000E-02    0.79000000000000E-02     10.000000000000        0.19693456956713        0.97981663472573         0.0000000000000     
   0.80000000000000E-02    0.80000000000000E-02     10.000000000000        0.18732331912619        0.98077727944748         0.0000000000000     
   0.81000000000000E-02    0.81000000000000E-02     10.000000000000        0.17818113887055        0.98169104059270         0.0000000000000     
   0.82000000000000E-02    0.82000000000000E-02     10.000000000000        0.16948513616619        0.98256020628004         0.0000000000000     
   0.83000000000000E-02    0.83000000000000E-02     10.000000000000        0.16121353563770        0.98338695295984         0.0000000000000     
   0.84000000000000E-02    0.84000000000000E-02     10.000000000000        0.15334562464122        0.98417335086046         0.0000000000000     
   0.85000000000000E-02    0.85000000000000E-02     10.000000000000        0.14586170139865        0.98492136917545         0.0000000000000     
   0.86000000000000E-02    0.86000000000000E-02     10.000000000000        0.13874302566302        0.98563288099332         0.0000000000000     
   0.87000000000000E-02    0.87000000000000E-02     10.000000000000        0.13197177179169        0.98630966798678         0.0000000000000     
   0.88000000000000E-02    0.88000000000000E-02     10.000000000000        0.12553098410970        0.98695342487659         0.0000000000000     
   0.89000000000000E-02    0.89000000000000E-02     10.000000000000        0.11940453445169        0.98756576367293         0.0000000000000     
   0.90000000000000E-02    0.90000000000000E-02     10.000000000000        0.11357708177580        0.98814821771348         0.0000000000000     
   0.91000000000000E-02    0.91000000000000E-02     10.000000000000        0.10803403374874        0.98870224550240         0.0000000000000     
   0.92000000000000E-02    0.92000000000000E-02     10.000000000000        0.10276151020559        0.98922923436225         0.0000000000000     
   0.93000000000000E-02    0.93000000000000E-02     10.000000000000        0.97746308392892E-01    0.98973050390860         0.0000000000000     
   0.94000000000000E-02    0.94000000000000E-02     10.000000000000        0.92975869908136E-01    0.99020730935442         0.0000000000000     
   0.95000000000000E-02    0.95000000000000E-02     10.000000000000        0.88438249252628E-01    0.99066084465228         0.0000000000000     
   0.96000000000000E-02    0.96000000000000E-02     10.000000000000        0.84122083919170E-01    0.99109224548540         0.0000000000000     
   0.97000000000000E-02    0.97000000000000E-02     10.000000000000        0.80016565939577E-01    0.99150259210978         0.0000000000000     
   0.98000000000000E-02    0.98000000000000E-02     10.000000000000        0.76111414820809E-01    0.99189291206184         0.0000000000000     
   0.99000000000000E-02    0.99000000000000E-02     10.000000000000        0.72396851801906E-01    0.99226418272848         0.0000000000000     
   0.10000000000000E-01    0.10000000000000E-01     10.000000000000        0.68863575367334E-01    0.99261733379624         0.0000000000000     
